// Jest Snapshot v1, https://goo.gl/fbAQLP

exports[`sum throws when file does not exist 1`] = `"ENOENT"`;
