// Jest Snapshot v1, https://goo.gl/fbAQLP

exports[`frequency  throws when file does not exist 1`] = `"ENOENT"`;
